// Jest Snapshot v1, https://goo.gl/fbAQLP

exports[`aboutme renders correctly 1`] = `ShallowWrapper {}`;
