// Jest Snapshot v1, https://goo.gl/fbAQLP

exports[`experience renders correctly 1`] = `ShallowWrapper {}`;
