// Jest Snapshot v1, https://goo.gl/fbAQLP

exports[`landingpage renders correctly 1`] = `ShallowWrapper {}`;
