// Jest Snapshot v1, https://goo.gl/fbAQLP

exports[`projects renders correctly 1`] = `ShallowWrapper {}`;
