// Jest Snapshot v1, https://goo.gl/fbAQLP

exports[`resume renders correctly 1`] = `ShallowWrapper {}`;
